--------------------------------------------------------------------------------------
Timing Analyzer Summary
--------------------------------------------------------------------------------------

Type           : Worst-case tsu
Slack          : N/A
Required Time  : None
Actual Time    : 9.167 ns
From           : SRAM_DQ[12]
To             : huc6270:VDC|BG_RAM_DO[12]
From Clock     : --
To Clock       : CLOCK_24[0]
Failed Paths   : 0

Type           : Worst-case tco
Slack          : N/A
Required Time  : None
Actual Time    : 14.969 ns
From           : huc6280:CPU|cpu65xx:CPU|myAddr[14]
To             : HEX3[1]
From Clock     : CLOCK_24[0]
To Clock       : --
Failed Paths   : 0

Type           : Worst-case tpd
Slack          : N/A
Required Time  : None
Actual Time    : 12.356 ns
From           : SW[1]
To             : HEX3[1]
From Clock     : --
To Clock       : --
Failed Paths   : 0

Type           : Worst-case th
Slack          : N/A
Required Time  : None
Actual Time    : -2.268 ns
From           : SW[9]
To             : huc6280:CPU|IOP_DO[0]
From Clock     : --
To Clock       : CLOCK_24[0]
Failed Paths   : 0

Type           : Clock Setup: 'pll:pll|altpll:altpll_component|_clk0'
Slack          : 4.475 ns
Required Time  : 42.86 MHz ( period = 23.332 ns )
Actual Time    : 53.03 MHz ( period = 18.857 ns )
From           : huc6280:CPU|cpu65xx:CPU|W[2]
To             : huc6280:CPU|cpu65xx:CPU|A[5]
From Clock     : pll:pll|altpll:altpll_component|_clk0
To Clock       : pll:pll|altpll:altpll_component|_clk0
Failed Paths   : 0

Type           : Clock Hold: 'pll:pll|altpll:altpll_component|_clk0'
Slack          : 0.445 ns
Required Time  : 42.86 MHz ( period = 23.332 ns )
Actual Time    : N/A
From           : huc6280:CPU|g00_audio_interface:DAC|SCI_WORD2[2]
To             : huc6280:CPU|g00_audio_interface:DAC|SCI_WORD2[2]
From Clock     : pll:pll|altpll:altpll_component|_clk0
To Clock       : pll:pll|altpll:altpll_component|_clk0
Failed Paths   : 0

Type           : Total number of failed paths
Slack          : 
Required Time  : 
Actual Time    : 
From           : 
To             : 
From Clock     : 
To Clock       : 
Failed Paths   : 0

--------------------------------------------------------------------------------------

